../Core/Src/main.c:86:6:mlx_read_temperature	64	static
../Core/Src/main.c:153:6:mlx_change_emissivity	64	static
../Core/Src/main.c:266:6:mlx_read_emissivity	24	static
../Core/Src/main.c:292:6:mlx_sleep	16	static
../Core/Src/main.c:301:6:mlx_wakeup	32	static
../Core/Src/main.c:324:5:main	24	static
../Core/Src/main.c:391:6:SystemClock_Config	88	static
../Core/Src/main.c:433:13:MX_CRC_Init	8	static
../Core/Src/main.c:459:13:MX_I2C1_Init	8	static
../Core/Src/main.c:493:13:MX_USART2_UART_Init	8	static
../Core/Src/main.c:526:13:MX_GPIO_Init	16	static
../Core/Src/main.c:543:6:Error_Handler	4	static,ignoring_inline_asm
